cd emmy-runner && clojure -M:shadow-cljs compile smoke
[:smoke] Compiling ...
WARNING: A terminally deprecated method in sun.misc.Unsafe has been called
WARNING: sun.misc.Unsafe::arrayBaseOffset has been called by com.google.javascript.jscomp.jarjar.com.google.protobuf.UnsafeUtil$MemoryAccessor (file:/Users/calvinkhor/.m2/repository/com/google/javascript/closure-compiler/v20250407/closure-compiler-v20250407.jar)
WARNING: Please consider reporting this to the maintainers of class com.google.javascript.jscomp.jarjar.com.google.protobuf.UnsafeUtil$MemoryAccessor
WARNING: sun.misc.Unsafe::arrayBaseOffset will be removed in a future release
WARNING: abs already refers to: #'clojure.core/abs in namespace: clojure.math.numeric-tower, being replaced by: #'clojure.math.numeric-tower/abs
[:smoke] Build completed. (295 files, 294 compiled, 7 warnings, 20.39s)

[1m------ WARNING #1 - :undeclared-var --------------------------------------------[0m
 Resource: cljs/analyzer/api.cljc:227:6
--------------------------------------------------------------------------------
[2m 224 |    (resolve-extern env/*compiler* sym))[0m
[2m 225 |   ([state sym][0m
[2m 226 |    (let [pre (ana/->pre sym)][0m
[1m 227 |      (env/with-compiler-env state[0m
------------^-------------------------------------------------------------------
 [33;1mUse of undeclared Var cljs.analyzer.api/clojure[0m
--------------------------------------------------------------------------------
[2m 228 |        (:info (ana/resolve-extern pre))))))[0m
[2m 229 | [0m
[2m 230 | (defn find-ns[0m
[2m 231 |   "Given a namespace return the corresponding namespace analysis map. Analagous[0m
--------------------------------------------------------------------------------

[1m------ WARNING #2 - :undeclared-var --------------------------------------------[0m
 Resource: cljs/analyzer/api.cljc:227:6
--------------------------------------------------------------------------------
[2m 224 |    (resolve-extern env/*compiler* sym))[0m
[2m 225 |   ([state sym][0m
[2m 226 |    (let [pre (ana/->pre sym)][0m
[1m 227 |      (env/with-compiler-env state[0m
------------^-------------------------------------------------------------------
 [33;1mUse of undeclared Var cljs.analyzer.api/java[0m
--------------------------------------------------------------------------------
[2m 228 |        (:info (ana/resolve-extern pre))))))[0m
[2m 229 | [0m
[2m 230 | (defn find-ns[0m
[2m 231 |   "Given a namespace return the corresponding namespace analysis map. Analagous[0m
--------------------------------------------------------------------------------

[1m------ WARNING #3 - :undeclared-var --------------------------------------------[0m
 Resource: cljs/analyzer/api.cljc:227:6
--------------------------------------------------------------------------------
[2m 224 |    (resolve-extern env/*compiler* sym))[0m
[2m 225 |   ([state sym][0m
[2m 226 |    (let [pre (ana/->pre sym)][0m
[1m 227 |      (env/with-compiler-env state[0m
------------^-------------------------------------------------------------------
 [33;1mUse of undeclared Var cljs.core/class[0m
--------------------------------------------------------------------------------
[2m 228 |        (:info (ana/resolve-extern pre))))))[0m
[2m 229 | [0m
[2m 230 | (defn find-ns[0m
[2m 231 |   "Given a namespace return the corresponding namespace analysis map. Analagous[0m
--------------------------------------------------------------------------------

[1m------ WARNING #4 - :extending-base-js-type ------------------------------------[0m
 File: /Users/calvinkhor/.gitlibs/libs/io.github.mentat-collective/emmy/5a2e1470087d41ec43e73d661bfceb941a6e8870/src/emmy/value.cljc:245:4
--------------------------------------------------------------------------------
[2m 242 |            (= this (.valueOf other)))))))[0m
[2m 243 | [0m
[2m 244 | #?(:cljs[0m
[1m 245 |    (extend-type js/BigInt[0m
----------^---------------------------------------------------------------------
 [33;1mExtending an existing JavaScript type - use a different symbol name instead of js/BigInt e.g bigint[0m
--------------------------------------------------------------------------------
[2m 246 |      IHash[0m
[2m 247 |      (-hash [this] (hash (.toString this 16)))[0m
[2m 248 | [0m
[2m 249 |      IEquiv[0m
--------------------------------------------------------------------------------

[1m------ WARNING #5 - :extending-base-js-type ------------------------------------[0m
 File: /Users/calvinkhor/.gitlibs/libs/io.github.mentat-collective/emmy/5a2e1470087d41ec43e73d661bfceb941a6e8870/src/emmy/value.cljc:283:4
--------------------------------------------------------------------------------
[2m 280 |        (valueOf [this] (.toNumber this)))))[0m
[2m 281 | [0m
[2m 282 | #?(:cljs[0m
[1m 283 |    (extend-protocol IComparable[0m
----------^---------------------------------------------------------------------
 [33;1mExtending an existing JavaScript type - use a different symbol name instead of js/BigInt e.g bigint[0m
--------------------------------------------------------------------------------
[2m 284 |      number[0m
[2m 285 |      (-compare [this o][0m
[2m 286 |        (let [other (.valueOf o)][0m
[2m 287 |          (if (real? other)[0m
--------------------------------------------------------------------------------

[1m------ WARNING #6 - :extending-base-js-type ------------------------------------[0m
 File: /Users/calvinkhor/.gitlibs/libs/io.github.mentat-collective/emmy/5a2e1470087d41ec43e73d661bfceb941a6e8870/src/emmy/value.cljc:315:6
--------------------------------------------------------------------------------
[2m 312 | #?(:cljs[0m
[2m 313 |    ;; ClojureScript-specific implementations of Value.[0m
[2m 314 |    (do[0m
[1m 315 |      (extend-protocol Numerical[0m
------------^-------------------------------------------------------------------
 [33;1mExtending an existing JavaScript type - use a different symbol name instead of js/BigInt e.g bigint[0m
--------------------------------------------------------------------------------
[2m 316 |        js/BigInt[0m
[2m 317 |        (numerical? [_] true)[0m
[2m 318 | [0m
[2m 319 |        goog.math.Integer[0m
--------------------------------------------------------------------------------

[1m------ WARNING #7 - :extending-base-js-type ------------------------------------[0m
 File: /Users/calvinkhor/.gitlibs/libs/io.github.mentat-collective/emmy/5a2e1470087d41ec43e73d661bfceb941a6e8870/src/emmy/value.cljc:325:6
--------------------------------------------------------------------------------
[2m 322 |        goog.math.Long[0m
[2m 323 |        (numerical? [_] true))[0m
[2m 324 | [0m
[1m 325 |      (extend-protocol IKind[0m
------------^-------------------------------------------------------------------
 [33;1mExtending an existing JavaScript type - use a different symbol name instead of js/BigInt e.g bigint[0m
--------------------------------------------------------------------------------
[2m 326 |        js/BigInt[0m
[2m 327 |        (kind [_] js/BigInt)[0m
[2m 328 | [0m
[2m 329 |        goog.math.Integer[0m
--------------------------------------------------------------------------------
[make-step] 2026-08-05T08:32:43.853Z 25931.3 ms (ok) cd emmy-runner && clojure -M:shadow-cljs compile smoke
cd emmy-runner && clojure -M:shadow-cljs compile worker app
[:worker] Compiling ...
WARNING: A terminally deprecated method in sun.misc.Unsafe has been called
WARNING: sun.misc.Unsafe::arrayBaseOffset has been called by com.google.javascript.jscomp.jarjar.com.google.protobuf.UnsafeUtil$MemoryAccessor (file:/Users/calvinkhor/.m2/repository/com/google/javascript/closure-compiler/v20250407/closure-compiler-v20250407.jar)
WARNING: Please consider reporting this to the maintainers of class com.google.javascript.jscomp.jarjar.com.google.protobuf.UnsafeUtil$MemoryAccessor
WARNING: sun.misc.Unsafe::arrayBaseOffset will be removed in a future release
WARNING: abs already refers to: #'clojure.core/abs in namespace: clojure.math.numeric-tower, being replaced by: #'clojure.math.numeric-tower/abs
[:worker] Build completed. (295 files, 293 compiled, 7 warnings, 21.10s)

[1m------ WARNING #1 - :undeclared-var --------------------------------------------[0m
 Resource: cljs/analyzer/api.cljc:227:6
--------------------------------------------------------------------------------
[2m 224 |    (resolve-extern env/*compiler* sym))[0m
[2m 225 |   ([state sym][0m
[2m 226 |    (let [pre (ana/->pre sym)][0m
[1m 227 |      (env/with-compiler-env state[0m
------------^-------------------------------------------------------------------
 [33;1mUse of undeclared Var cljs.analyzer.api/clojure[0m
--------------------------------------------------------------------------------
[2m 228 |        (:info (ana/resolve-extern pre))))))[0m
[2m 229 | [0m
[2m 230 | (defn find-ns[0m
[2m 231 |   "Given a namespace return the corresponding namespace analysis map. Analagous[0m
--------------------------------------------------------------------------------

[1m------ WARNING #2 - :undeclared-var --------------------------------------------[0m
 Resource: cljs/analyzer/api.cljc:227:6
--------------------------------------------------------------------------------
[2m 224 |    (resolve-extern env/*compiler* sym))[0m
[2m 225 |   ([state sym][0m
[2m 226 |    (let [pre (ana/->pre sym)][0m
[1m 227 |      (env/with-compiler-env state[0m
------------^-------------------------------------------------------------------
 [33;1mUse of undeclared Var cljs.analyzer.api/java[0m
--------------------------------------------------------------------------------
[2m 228 |        (:info (ana/resolve-extern pre))))))[0m
[2m 229 | [0m
[2m 230 | (defn find-ns[0m
[2m 231 |   "Given a namespace return the corresponding namespace analysis map. Analagous[0m
--------------------------------------------------------------------------------

[1m------ WARNING #3 - :undeclared-var --------------------------------------------[0m
 Resource: cljs/analyzer/api.cljc:227:6
--------------------------------------------------------------------------------
[2m 224 |    (resolve-extern env/*compiler* sym))[0m
[2m 225 |   ([state sym][0m
[2m 226 |    (let [pre (ana/->pre sym)][0m
[1m 227 |      (env/with-compiler-env state[0m
------------^-------------------------------------------------------------------
 [33;1mUse of undeclared Var cljs.core/class[0m
--------------------------------------------------------------------------------
[2m 228 |        (:info (ana/resolve-extern pre))))))[0m
[2m 229 | [0m
[2m 230 | (defn find-ns[0m
[2m 231 |   "Given a namespace return the corresponding namespace analysis map. Analagous[0m
--------------------------------------------------------------------------------

[1m------ WARNING #4 - :extending-base-js-type ------------------------------------[0m
 File: /Users/calvinkhor/.gitlibs/libs/io.github.mentat-collective/emmy/5a2e1470087d41ec43e73d661bfceb941a6e8870/src/emmy/value.cljc:245:4
--------------------------------------------------------------------------------
[2m 242 |            (= this (.valueOf other)))))))[0m
[2m 243 | [0m
[2m 244 | #?(:cljs[0m
[1m 245 |    (extend-type js/BigInt[0m
----------^---------------------------------------------------------------------
 [33;1mExtending an existing JavaScript type - use a different symbol name instead of js/BigInt e.g bigint[0m
--------------------------------------------------------------------------------
[2m 246 |      IHash[0m
[2m 247 |      (-hash [this] (hash (.toString this 16)))[0m
[2m 248 | [0m
[2m 249 |      IEquiv[0m
--------------------------------------------------------------------------------

[1m------ WARNING #5 - :extending-base-js-type ------------------------------------[0m
 File: /Users/calvinkhor/.gitlibs/libs/io.github.mentat-collective/emmy/5a2e1470087d41ec43e73d661bfceb941a6e8870/src/emmy/value.cljc:283:4
--------------------------------------------------------------------------------
[2m 280 |        (valueOf [this] (.toNumber this)))))[0m
[2m 281 | [0m
[2m 282 | #?(:cljs[0m
[1m 283 |    (extend-protocol IComparable[0m
----------^---------------------------------------------------------------------
 [33;1mExtending an existing JavaScript type - use a different symbol name instead of js/BigInt e.g bigint[0m
--------------------------------------------------------------------------------
[2m 284 |      number[0m
[2m 285 |      (-compare [this o][0m
[2m 286 |        (let [other (.valueOf o)][0m
[2m 287 |          (if (real? other)[0m
--------------------------------------------------------------------------------

[1m------ WARNING #6 - :extending-base-js-type ------------------------------------[0m
 File: /Users/calvinkhor/.gitlibs/libs/io.github.mentat-collective/emmy/5a2e1470087d41ec43e73d661bfceb941a6e8870/src/emmy/value.cljc:315:6
--------------------------------------------------------------------------------
[2m 312 | #?(:cljs[0m
[2m 313 |    ;; ClojureScript-specific implementations of Value.[0m
[2m 314 |    (do[0m
[1m 315 |      (extend-protocol Numerical[0m
------------^-------------------------------------------------------------------
 [33;1mExtending an existing JavaScript type - use a different symbol name instead of js/BigInt e.g bigint[0m
--------------------------------------------------------------------------------
[2m 316 |        js/BigInt[0m
[2m 317 |        (numerical? [_] true)[0m
[2m 318 | [0m
[2m 319 |        goog.math.Integer[0m
--------------------------------------------------------------------------------

[1m------ WARNING #7 - :extending-base-js-type ------------------------------------[0m
 File: /Users/calvinkhor/.gitlibs/libs/io.github.mentat-collective/emmy/5a2e1470087d41ec43e73d661bfceb941a6e8870/src/emmy/value.cljc:325:6
--------------------------------------------------------------------------------
[2m 322 |        goog.math.Long[0m
[2m 323 |        (numerical? [_] true))[0m
[2m 324 | [0m
[1m 325 |      (extend-protocol IKind[0m
------------^-------------------------------------------------------------------
 [33;1mExtending an existing JavaScript type - use a different symbol name instead of js/BigInt e.g bigint[0m
--------------------------------------------------------------------------------
[2m 326 |        js/BigInt[0m
[2m 327 |        (kind [_] js/BigInt)[0m
[2m 328 | [0m
[2m 329 |        goog.math.Integer[0m
--------------------------------------------------------------------------------
[:app] Compiling ...
[:app] Build completed. (77 files, 76 compiled, 0 warnings, 4.68s)
[make-step] 2026-08-05T08:33:09.823Z 29356.8 ms (ok) cd emmy-runner && clojure -M:shadow-cljs compile worker app
