node scripts/convert-org-to-typst.mjs
Converted 18 Org files into typ/content.
[make-step] 2026-08-03T14:51:10.055Z 1875.4 ms (ok) node scripts/convert-org-to-typst.mjs
/Library/Developer/CommandLineTools/usr/bin/make prepare
/Library/Developer/CommandLineTools/usr/bin/make emmy-refresh
/Library/Developer/CommandLineTools/usr/bin/make emmy-convert
node scripts/convert-scheme-to-emmy.mjs
Formatted 16 of 732 ClojureScript files.
Prepared 366 Emmy blocks in codeblocks.
17 blocks use the upstream Chapter 1 port.
349 blocks need semantic review.
[make-step] 2026-08-03T14:51:12.044Z 6260.4 ms (ok) node scripts/convert-scheme-to-emmy.mjs
[make-step] 2026-08-03T14:51:12.015Z 6292.4 ms (ok) /Library/Developer/CommandLineTools/usr/bin/make emmy-convert
/Library/Developer/CommandLineTools/usr/bin/make capture-emmy
cd emmy-runner && clojure -M:shadow-cljs compile smoke
[:smoke] Compiling ...
WARNING: A terminally deprecated method in sun.misc.Unsafe has been called
WARNING: sun.misc.Unsafe::arrayBaseOffset has been called by com.google.javascript.jscomp.jarjar.com.google.protobuf.UnsafeUtil$MemoryAccessor (file:/Users/calvinkhor/.m2/repository/com/google/javascript/closure-compiler/v20250407/closure-compiler-v20250407.jar)
WARNING: Please consider reporting this to the maintainers of class com.google.javascript.jscomp.jarjar.com.google.protobuf.UnsafeUtil$MemoryAccessor
WARNING: sun.misc.Unsafe::arrayBaseOffset will be removed in a future release
WARNING: abs already refers to: #'clojure.core/abs in namespace: clojure.math.numeric-tower, being replaced by: #'clojure.math.numeric-tower/abs
[:smoke] Build completed. (295 files, 294 compiled, 7 warnings, 18.30s)

[1m------ WARNING #1 - :undeclared-var --------------------------------------------[0m
 Resource: cljs/analyzer/api.cljc:227:6
--------------------------------------------------------------------------------
[2m 224 |    (resolve-extern env/*compiler* sym))[0m
[2m 225 |   ([state sym][0m
[2m 226 |    (let [pre (ana/->pre sym)][0m
[1m 227 |      (env/with-compiler-env state[0m
------------^-------------------------------------------------------------------
 [33;1mUse of undeclared Var cljs.analyzer.api/clojure[0m
--------------------------------------------------------------------------------
[2m 228 |        (:info (ana/resolve-extern pre))))))[0m
[2m 229 | [0m
[2m 230 | (defn find-ns[0m
[2m 231 |   "Given a namespace return the corresponding namespace analysis map. Analagous[0m
--------------------------------------------------------------------------------

[1m------ WARNING #2 - :undeclared-var --------------------------------------------[0m
 Resource: cljs/analyzer/api.cljc:227:6
--------------------------------------------------------------------------------
[2m 224 |    (resolve-extern env/*compiler* sym))[0m
[2m 225 |   ([state sym][0m
[2m 226 |    (let [pre (ana/->pre sym)][0m
[1m 227 |      (env/with-compiler-env state[0m
------------^-------------------------------------------------------------------
 [33;1mUse of undeclared Var cljs.analyzer.api/java[0m
--------------------------------------------------------------------------------
[2m 228 |        (:info (ana/resolve-extern pre))))))[0m
[2m 229 | [0m
[2m 230 | (defn find-ns[0m
[2m 231 |   "Given a namespace return the corresponding namespace analysis map. Analagous[0m
--------------------------------------------------------------------------------

[1m------ WARNING #3 - :undeclared-var --------------------------------------------[0m
 Resource: cljs/analyzer/api.cljc:227:6
--------------------------------------------------------------------------------
[2m 224 |    (resolve-extern env/*compiler* sym))[0m
[2m 225 |   ([state sym][0m
[2m 226 |    (let [pre (ana/->pre sym)][0m
[1m 227 |      (env/with-compiler-env state[0m
------------^-------------------------------------------------------------------
 [33;1mUse of undeclared Var cljs.core/class[0m
--------------------------------------------------------------------------------
[2m 228 |        (:info (ana/resolve-extern pre))))))[0m
[2m 229 | [0m
[2m 230 | (defn find-ns[0m
[2m 231 |   "Given a namespace return the corresponding namespace analysis map. Analagous[0m
--------------------------------------------------------------------------------

[1m------ WARNING #4 - :extending-base-js-type ------------------------------------[0m
 File: /Users/calvinkhor/.gitlibs/libs/io.github.mentat-collective/emmy/5a2e1470087d41ec43e73d661bfceb941a6e8870/src/emmy/value.cljc:245:4
--------------------------------------------------------------------------------
[2m 242 |            (= this (.valueOf other)))))))[0m
[2m 243 | [0m
[2m 244 | #?(:cljs[0m
[1m 245 |    (extend-type js/BigInt[0m
----------^---------------------------------------------------------------------
 [33;1mExtending an existing JavaScript type - use a different symbol name instead of js/BigInt e.g bigint[0m
--------------------------------------------------------------------------------
[2m 246 |      IHash[0m
[2m 247 |      (-hash [this] (hash (.toString this 16)))[0m
[2m 248 | [0m
[2m 249 |      IEquiv[0m
--------------------------------------------------------------------------------

[1m------ WARNING #5 - :extending-base-js-type ------------------------------------[0m
 File: /Users/calvinkhor/.gitlibs/libs/io.github.mentat-collective/emmy/5a2e1470087d41ec43e73d661bfceb941a6e8870/src/emmy/value.cljc:283:4
--------------------------------------------------------------------------------
[2m 280 |        (valueOf [this] (.toNumber this)))))[0m
[2m 281 | [0m
[2m 282 | #?(:cljs[0m
[1m 283 |    (extend-protocol IComparable[0m
----------^---------------------------------------------------------------------
 [33;1mExtending an existing JavaScript type - use a different symbol name instead of js/BigInt e.g bigint[0m
--------------------------------------------------------------------------------
[2m 284 |      number[0m
[2m 285 |      (-compare [this o][0m
[2m 286 |        (let [other (.valueOf o)][0m
[2m 287 |          (if (real? other)[0m
--------------------------------------------------------------------------------

[1m------ WARNING #6 - :extending-base-js-type ------------------------------------[0m
 File: /Users/calvinkhor/.gitlibs/libs/io.github.mentat-collective/emmy/5a2e1470087d41ec43e73d661bfceb941a6e8870/src/emmy/value.cljc:315:6
--------------------------------------------------------------------------------
[2m 312 | #?(:cljs[0m
[2m 313 |    ;; ClojureScript-specific implementations of Value.[0m
[2m 314 |    (do[0m
[1m 315 |      (extend-protocol Numerical[0m
------------^-------------------------------------------------------------------
 [33;1mExtending an existing JavaScript type - use a different symbol name instead of js/BigInt e.g bigint[0m
--------------------------------------------------------------------------------
[2m 316 |        js/BigInt[0m
[2m 317 |        (numerical? [_] true)[0m
[2m 318 | [0m
[2m 319 |        goog.math.Integer[0m
--------------------------------------------------------------------------------

[1m------ WARNING #7 - :extending-base-js-type ------------------------------------[0m
 File: /Users/calvinkhor/.gitlibs/libs/io.github.mentat-collective/emmy/5a2e1470087d41ec43e73d661bfceb941a6e8870/src/emmy/value.cljc:325:6
--------------------------------------------------------------------------------
[2m 322 |        goog.math.Long[0m
[2m 323 |        (numerical? [_] true))[0m
[2m 324 | [0m
[1m 325 |      (extend-protocol IKind[0m
------------^-------------------------------------------------------------------
 [33;1mExtending an existing JavaScript type - use a different symbol name instead of js/BigInt e.g bigint[0m
--------------------------------------------------------------------------------
[2m 326 |        js/BigInt[0m
[2m 327 |        (kind [_] js/BigInt)[0m
[2m 328 | [0m
[2m 329 |        goog.math.Integer[0m
--------------------------------------------------------------------------------
[make-step] 2026-08-03T14:51:18.373Z 23608.9 ms (ok) cd emmy-runner && clojure -M:shadow-cljs compile smoke
node scripts/run-emmy-smoke.mjs

EMMY CHAPTER: prologue (timeout 120s)
Emmy SCI full-manifest test passed; 15 results matched Emmy's FDG regression suite. Captured 2 expression results.
EMMY CHAPTER PASSED: prologue in 0.42s (results captured)

EMMY CHAPTER: chapter001 (timeout 120s)
Emmy SCI full-manifest test passed; 15 results matched Emmy's FDG regression suite. Captured 5 expression results.
EMMY CHAPTER PASSED: chapter001 in 0.57s (results captured)

EMMY CHAPTER: chapter002 (timeout 120s)
2026-08-03T14:51:43.500Z WARN [emmy.util.logic:22] - Assuming (positive? (/ (* 2 rho) (+ (* (expt rho 2) (expt (cos theta) 2)) (* (expt rho 2) (expt (sin theta) 2)) 1))) in aggressive-atan-2
2026-08-03T14:51:43.504Z WARN [emmy.util.logic:22] - Assuming (= (atan (sin theta) (cos theta)) theta) in atan-sin-cos
Emmy SCI full-manifest test passed; 15 results matched Emmy's FDG regression suite. Captured 14 expression results.
EMMY CHAPTER PASSED: chapter002 in 0.47s (results captured)

EMMY CHAPTER: chapter003 (timeout 120s)
2026-08-03T14:51:43.971Z WARN [emmy.util.logic:22] - Assuming (positive? r) in aggressive-atan-2
2026-08-03T14:51:43.973Z WARN [emmy.util.logic:22] - Assuming (= (atan (sin theta) (cos theta)) theta) in atan-sin-cos
2026-08-03T14:51:43.993Z WARN [emmy.util.logic:22] - Assuming (= (sqrt (expt r 2)) (expt r 1)) in simsqrt1
Emmy SCI full-manifest test passed; 15 results matched Emmy's FDG regression suite. Captured 17 expression results.
EMMY CHAPTER PASSED: chapter003 in 0.54s (results captured)

EMMY CHAPTER: chapter004 (timeout 120s)
Emmy SCI full-manifest test passed; 15 results matched Emmy's FDG regression suite. Captured 11 expression results.
EMMY CHAPTER PASSED: chapter004 in 1.02s (results captured)

EMMY CHAPTER: chapter005 (timeout 120s)
Emmy SCI full-manifest test passed; 15 results matched Emmy's FDG regression suite. Captured 9 expression results.
EMMY CHAPTER PASSED: chapter005 in 1.43s (results captured)

EMMY CHAPTER: chapter006 (timeout 120s)
Emmy SCI full-manifest test passed; 15 results matched Emmy's FDG regression suite. Captured 5 expression results.
EMMY CHAPTER PASSED: chapter006 in 0.51s (results captured)

EMMY CHAPTER: chapter007 (timeout 120s)
2026-08-03T14:51:49.210Z INFO [emmy.expression.compile:640] - compiled function in 109.44220799999994 ms
2026-08-03T14:51:49.229Z INFO [emmy.expression.compile:640] - compiled function in 13.310292000000118 ms
Emmy SCI full-manifest test passed; 15 results matched Emmy's FDG regression suite. Captured 12 expression results.
EMMY CHAPTER PASSED: chapter007 in 2.46s (results captured)

EMMY CHAPTER: chapter008 (timeout 120s)
2026-08-03T14:51:52.122Z WARN [emmy.polynomial.gcd:108] - Timed out: full-gcd after 1.0003654580000003 s
2026-08-03T14:51:52.124Z WARN [emmy.simplify:22] - simplifier timed out: must have been a complicated expression
0

0

0

0

Emmy SCI full-manifest test passed; 15 results matched Emmy's FDG regression suite. Captured 19 expression results.
EMMY CHAPTER PASSED: chapter008 in 7.50s (results captured)

EMMY CHAPTER: chapter009 (timeout 120s)
2026-08-03T14:51:59.818Z WARN [emmy.util.logic:22] - Assuming (non-negative? (+ (expt ((D x) (f t)) 2) (expt ((D y) (f t)) 2))) in c1
2026-08-03T14:51:59.820Z WARN [emmy.util.logic:22] - Assuming (non-negative? (+ (* (expt ((D x) (f t)) 2) (expt ((D f) t) 2)) (* (expt ((D f) t) 2) (expt ((D y) (f t)) 2)))) in c1
2026-08-03T14:51:59.820Z WARN [emmy.util.logic:22] - Assuming (non-negative? (+ (expt ((D x) (f t)) 2) (expt ((D y) (f t)) 2))) in c1
2026-08-03T14:51:59.820Z WARN [emmy.util.logic:22] - Assuming (non-negative? (+ (* (expt ((D x) (f t)) 2) (expt ((D f) t) 2)) (* (expt ((D f) t) 2) (expt ((D y) (f t)) 2)))) in c1
2026-08-03T14:51:59.833Z WARN [emmy.util.logic:22] - Assuming (non-negative? ((D f) t)) in root-out-squares
2026-08-03T14:51:59.835Z WARN [emmy.util.logic:22] - Assuming (non-negative? ((D f) t)) in root-out-squares
2026-08-03T14:51:59.839Z WARN [emmy.util.logic:22] - Assuming (non-negative? (+ (* (expt ((D x) (f t)) 2) ((D f) t)) (* ((D f) t) (expt ((D y) (f t)) 2)))) in root-out-squares
2026-08-03T14:51:59.842Z WARN [emmy.util.logic:22] - Assuming (non-negative? (+ (* (expt ((D x) (f t)) 2) ((D f) t)) (* ((D f) t) (expt ((D y) (f t)) 2)))) in root-out-squares
2026-08-03T14:51:59.905Z WARN [emmy.util.logic:22] - Assuming (non-negative? ((D f) t)) in root-out-squares
2026-08-03T14:51:59.906Z WARN [emmy.util.logic:22] - Assuming (non-negative? ((D f) t)) in root-out-squares
2026-08-03T14:51:59.909Z WARN [emmy.util.logic:22] - Assuming (non-negative? (+ (* (expt ((D x) (f t)) 2) ((D f) t)) (* ((D f) t) (expt ((D y) (f t)) 2)))) in root-out-squares
2026-08-03T14:51:59.911Z WARN [emmy.util.logic:22] - Assuming (non-negative? (+ (* (expt ((D x) (f t)) 2) ((D f) t)) (* ((D f) t) (expt ((D y) (f t)) 2)))) in root-out-squares
Emmy SCI full-manifest test passed; 15 results matched Emmy's FDG regression suite. Captured 14 expression results.
EMMY CHAPTER PASSED: chapter009 in 33.86s (results captured)

EMMY CHAPTER: chapter010 (timeout 120s)
Emmy SCI full-manifest test passed; 15 results matched Emmy's FDG regression suite. Captured 20 expression results.
EMMY CHAPTER PASSED: chapter010 in 2.94s (results captured)

EMMY CHAPTER: chapter011 (timeout 120s)
2026-08-03T14:52:34.334Z WARN [emmy.util.logic:22] - Assuming (non-negative? (+ (* (expt ct 2) (expt vx 4)) (* 2 (expt ct 2) (expt vx 2) (expt vy 2)) (* 2 (expt ct 2) (expt vx 2) (expt vz 2)) (* (expt ct 2) (expt vy 4)) (* 2 (expt ct 2) (expt vy 2) (expt vz 2)) (* (expt ct 2) (expt vz 4)) (* -1 (expt vx 4) (expt x 2)) (* -2 (expt vx 3) vy x y) (* -2 (expt vx 3) vz x z) (* -1 (expt vx 2) (expt vy 2) (expt x 2)) (* -1 (expt vx 2) (expt vy 2) (expt y 2)) (* -2 (expt vx 2) vy vz y z) (* -1 (expt vx 2) (expt vz 2) (expt x 2)) (* -1 (expt vx 2) (expt vz 2) (expt z 2)) (* (expt vx 2) (expt y 2) (expt (expt (+ (* -1 (expt vx 2)) (* -1 (expt vy 2)) (* -1 (expt vz 2)) 1) 0.5) 2)) (* (expt vx 2) (expt z 2) (expt (expt (+ (* -1 (expt vx 2)) (* -1 (expt vy 2)) (* -1 (expt vz 2)) 1) 0.5) 2)) (* -2 vx (expt vy 3) x y) (* -2 vx (expt vy 2) vz x z) (* -2 vx vy (expt vz 2) x y) (* -2 vx vy x y (expt (expt (+ (* -1 (expt vx 2)) (* -1 (expt vy 2)) (* -1 (expt vz 2)) 1) 0.5) 2)) (* -2 vx (expt vz 3) x z) (* -2 vx vz x z (expt (expt (+ (* -1 (expt vx 2)) (* -1 (expt vy 2)) (* -1 (expt vz 2)) 1) 0.5) 2)) (* -1 (expt vy 4) (expt y 2)) (* -2 (expt vy 3) vz y z) (* -1 (expt vy 2) (expt vz 2) (expt y 2)) (* -1 (expt vy 2) (expt vz 2) (expt z 2)) (* (expt vy 2) (expt x 2) (expt (expt (+ (* -1 (expt vx 2)) (* -1 (expt vy 2)) (* -1 (expt vz 2)) 1) 0.5) 2)) (* (expt vy 2) (expt z 2) (expt (expt (+ (* -1 (expt vx 2)) (* -1 (expt vy 2)) (* -1 (expt vz 2)) 1) 0.5) 2)) (* -2 vy (expt vz 3) y z) (* -2 vy vz y z (expt (expt (+ (* -1 (expt vx 2)) (* -1 (expt vy 2)) (* -1 (expt vz 2)) 1) 0.5) 2)) (* -1 (expt vz 4) (expt z 2)) (* (expt vz 2) (expt x 2) (expt (expt (+ (* -1 (expt vx 2)) (* -1 (expt vy 2)) (* -1 (expt vz 2)) 1) 0.5) 2)) (* (expt vz 2) (expt y 2) (expt (expt (+ (* -1 (expt vx 2)) (* -1 (expt vy 2)) (* -1 (expt vz 2)) 1) 0.5) 2)) (* -1 (expt ct 2) (expt vx 2)) (* -1 (expt ct 2) (expt vy 2)) (* -1 (expt ct 2) (expt vz 2)) (* (expt vx 2) (expt x 2)) (* 2 vx vy x y) (* 2 vx vz x z) (* (expt vy 2) (expt y 2)) (* 2 vy vz y z) (* (expt vz 2) (expt z 2)))) in e3
2026-08-03T14:52:34.337Z WARN [emmy.util.logic:22] - Assuming (non-negative? (+ (* (expt vx 2) (expt (expt (+ (* -1 (expt vx 2)) (* -1 (expt vy 2)) (* -1 (expt vz 2)) 1) 0.5) 2)) (* (expt vy 2) (expt (expt (+ (* -1 (expt vx 2)) (* -1 (expt vy 2)) (* -1 (expt vz 2)) 1) 0.5) 2)) (* (expt vz 2) (expt (expt (+ (* -1 (expt vx 2)) (* -1 (expt vy 2)) (* -1 (expt vz 2)) 1) 0.5) 2)))) in e3
2026-08-03T14:52:34.377Z WARN [emmy.util.logic:22] - Assuming (non-negative? (+ (* -1 (expt ct 2)) (expt x 2) (expt y 2) (expt z 2))) in c1
2026-08-03T14:52:34.377Z WARN [emmy.util.logic:22] - Assuming (non-negative? (+ (* -1 (expt vx 4)) (* -2 (expt vx 2) (expt vy 2)) (* -2 (expt vx 2) (expt vz 2)) (* -1 (expt vy 4)) (* -2 (expt vy 2) (expt vz 2)) (* -1 (expt vz 4)) (expt vx 2) (expt vy 2) (expt vz 2))) in c1
2026-08-03T14:52:34.549Z WARN [emmy.util.logic:22] - Assuming (non-negative? #emmy/bigint 49) in e1
2026-08-03T14:52:34.549Z WARN [emmy.util.logic:22] - Assuming (non-negative? (expt c 2)) in e1
2026-08-03T14:52:34.549Z WARN [emmy.util.logic:22] - Assuming (= (sqrt (expt c 2)) (expt c 1)) in simsqrt1
2026-08-03T14:52:34.554Z WARN [emmy.util.logic:22] - Assuming (non-negative? #emmy/ratio "2401/625") in e1
2026-08-03T14:52:34.554Z WARN [emmy.util.logic:22] - Assuming (non-negative? (expt c 2)) in e1
2026-08-03T14:52:34.562Z WARN [emmy.util.logic:22] - Assuming (non-negative? 2500) in e1
2026-08-03T14:52:34.563Z WARN [emmy.util.logic:22] - Assuming (non-negative? (expt c 2)) in e1
Emmy SCI full-manifest test passed; 15 results matched Emmy's FDG regression suite. Captured 15 expression results.
EMMY CHAPTER PASSED: chapter011 in 0.80s (results captured)

EMMY CHAPTER: appendix_a (timeout 120s)
Emmy SCI full-manifest test passed; 15 results matched Emmy's FDG regression suite. Captured 24 expression results.
EMMY CHAPTER PASSED: appendix_a in 0.41s (results captured)

EMMY CHAPTER: appendix_b (timeout 120s)
Emmy SCI full-manifest test passed; 15 results matched Emmy's FDG regression suite. Captured 24 expression results.
EMMY CHAPTER PASSED: appendix_b in 0.44s (results captured)

EMMY CHAPTER: appendix_c (timeout 120s)
Emmy SCI full-manifest test passed; 15 results matched Emmy's FDG regression suite. Captured 5 expression results.
EMMY CHAPTER PASSED: appendix_c in 23.37s (results captured)

EMMY CHAPTER: errata (timeout 120s)
Emmy SCI full-manifest test passed; 15 results matched Emmy's FDG regression suite. Captured 0 expression results.
EMMY CHAPTER PASSED: errata in 0.38s (results captured)

EMMY RUNNER SUMMARY: all 16 chapters passed.
[make-step] 2026-08-03T14:51:42.019Z 77152.8 ms (ok) node scripts/run-emmy-smoke.mjs
[make-step] 2026-08-03T14:51:18.343Z 100831.7 ms (ok) /Library/Developer/CommandLineTools/usr/bin/make capture-emmy
/Library/Developer/CommandLineTools/usr/bin/make format-emmy
clojure -M:format-emmy codeblocks emmy-runner/public/generated
Formatted 96 of 732 ClojureScript files.
[make-step] 2026-08-03T14:52:59.240Z 6389.9 ms (ok) clojure -M:format-emmy codeblocks emmy-runner/public/generated
[make-step] 2026-08-03T14:52:59.206Z 6426.1 ms (ok) /Library/Developer/CommandLineTools/usr/bin/make format-emmy
/Library/Developer/CommandLineTools/usr/bin/make validate-emmy
node scripts/assert-emmy-conversion.mjs
Checked 732 formatted ClojureScript files.
Emmy conversion manifest is consistent (366 blocks).
[make-step] 2026-08-03T14:53:05.690Z 5151.8 ms (ok) node scripts/assert-emmy-conversion.mjs
node scripts/compare-scm-cljs-outputs.mjs --check --no-report
Output comparison: 185 paired positions: 185 equivalent (0 disproportionately verbose), 0 different, 0 unresolved; 31 missing counterparts excluded.
[make-step] 2026-08-03T14:53:10.870Z 59.9 ms (ok) node scripts/compare-scm-cljs-outputs.mjs --check --no-report
[make-step] 2026-08-03T14:53:05.661Z 5271.0 ms (ok) /Library/Developer/CommandLineTools/usr/bin/make validate-emmy
[make-step] 2026-08-03T14:51:11.985Z 118948.8 ms (ok) /Library/Developer/CommandLineTools/usr/bin/make emmy-refresh
/Library/Developer/CommandLineTools/usr/bin/make prepare-typst
/Library/Developer/CommandLineTools/usr/bin/make format-scheme
./scripts/install-racket-fmt.sh
Repo-local Racket 8.18 and raco fmt are already installed in /Users/calvinkhor/Documents/GitHub/fdgtyp/build/.staging/20260803T145109Z-from-raw-cc10b64-790ea8/work/.tools.
[make-step] 2026-08-03T14:53:11.023Z 415.8 ms (ok) ./scripts/install-racket-fmt.sh
node scripts/format-scheme-blocks.mjs
Formatted 0 Scheme blocks in 38 .typ files; no changes.
[make-step] 2026-08-03T14:53:11.469Z 34.0 ms (ok) node scripts/format-scheme-blocks.mjs
[make-step] 2026-08-03T14:53:10.993Z 512.1 ms (ok) /Library/Developer/CommandLineTools/usr/bin/make format-scheme
/Library/Developer/CommandLineTools/usr/bin/make validate-typst
node scripts/assert-typst-regressions.mjs --skip-pdf
Typst regression assertions passed (targeted files: 17, PDF text files: 1, generated files: 24, global checks: 76, equation-label sections: 15, figures: 8, labels: 669, bibliography keys: 21).
[make-step] 2026-08-03T14:53:11.564Z 101.9 ms (ok) node scripts/assert-typst-regressions.mjs --skip-pdf
[make-step] 2026-08-03T14:53:11.534Z 134.6 ms (ok) /Library/Developer/CommandLineTools/usr/bin/make validate-typst
[make-step] 2026-08-03T14:53:10.961Z 709.3 ms (ok) /Library/Developer/CommandLineTools/usr/bin/make prepare-typst
[make-step] 2026-08-03T14:51:11.956Z 119717.4 ms (ok) /Library/Developer/CommandLineTools/usr/bin/make prepare
/Library/Developer/CommandLineTools/usr/bin/make render-all
typst compile --root . --input code=scheme typ/main.typ typ/main.pdf
[make-step] 2026-08-03T14:53:11.735Z 9063.4 ms (ok) typst compile --root . --input code=scheme typ/main.typ typ/main.pdf
typst compile --root . --input code=clojure typ/main.typ typ/main-cljs.pdf
[make-step] 2026-08-03T14:53:20.826Z 9851.2 ms (ok) typst compile --root . --input code=clojure typ/main.typ typ/main-cljs.pdf
typst compile --root . --input code=both typ/main.typ typ/main-both.pdf
[make-step] 2026-08-03T14:53:30.714Z 9944.7 ms (ok) typst compile --root . --input code=both typ/main.typ typ/main-both.pdf
typst compile --root . --input draft=false --input code=scheme typ/main.typ fdg-book.pdf
[make-step] 2026-08-03T14:53:40.693Z 20139.4 ms (ok) typst compile --root . --input draft=false --input code=scheme typ/main.typ fdg-book.pdf
typst compile --root . --input draft=false --input code=clojure typ/main.typ fdg-book-cljs.pdf
[make-step] 2026-08-03T14:54:00.868Z 26167.2 ms (ok) typst compile --root . --input draft=false --input code=clojure typ/main.typ fdg-book-cljs.pdf
typst compile --root . --input draft=false --input code=both typ/main.typ fdg-book-both.pdf
warning: document did not converge within five attempts
 = hint: see 2 additional warnings for more details
 = hint: see https://typst.app/help/convergence for help

warning: number of elements matching `heading.before(location(..))` did not stabilize
    ┌─ @preview/hydra:0.6.3/src/core.typ:97:25
    │  
 97 │       let prev-ancestors = query(
    │ ╭──────────────────────────^
 98 │ │       selector(ctx.ancestors.target).before(
 99 │ │         ctx.anchor-loc,
100 │ │       ),
101 │ │     )
    │ ╰─────^
    │  
    = hint: the following numbers of elements were observed:
      - run 1: 0
      - run 2: 203
      - run 3: 228
      - run 4: 228
      - run 5: 225
      - final: 224

warning: number of elements matching `heading.after(location(..))` did not stabilize
    ┌─ @preview/hydra:0.6.3/src/core.typ:102:25
    │  
102 │       let next-ancestors = query(
    │ ╭──────────────────────────^
103 │ │       selector(ctx.ancestors.target).after(
104 │ │         ctx.anchor-loc,
105 │ │       ),
106 │ │     )
    │ ╰─────^
    │  
    = hint: the following numbers of elements were observed:
      - run 1: 0
      - run 2: 203
      - run 3: 228
      - run 4: 228
      - run 5: 3
      - final: 4

[make-step] 2026-08-03T14:54:27.078Z 150413.2 ms (ok) typst compile --root . --input draft=false --input code=both typ/main.typ fdg-book-both.pdf
/Library/Developer/CommandLineTools/usr/bin/make validate-pdfs
node scripts/assert-typst-regressions.mjs --pdf-only
Typst regression assertions passed (targeted files: 17, PDF text files: 1, generated files: 24, global checks: 76, equation-label sections: 15, figures: 8, labels: 669, bibliography keys: 21).
[make-step] 2026-08-03T14:56:57.562Z 810.0 ms (ok) node scripts/assert-typst-regressions.mjs --pdf-only
[make-step] 2026-08-03T14:56:57.530Z 843.5 ms (ok) /Library/Developer/CommandLineTools/usr/bin/make validate-pdfs
[make-step] 2026-08-03T14:53:11.703Z 226672.9 ms (ok) /Library/Developer/CommandLineTools/usr/bin/make render-all
